PqP;0;8q"1;124;24#1;2;0;0;0#2;2;92;10;14#3;2;13;69;29#4;2;100;100;100#1!24@$#2???{{!15?{{$#3!5?!15C$#4}}}AA!15yAA}}-$#2???~~!15?~~$#3!5?!15_$#4~~~??!15^??~~-$#2???~~!15?~~$#3!5?!15@$#4~~~??!15}??~~-$#1!24_$#2???NN!15?NN$#3!5?!15G$#4^^^OO!15VOO^^\
