PqP;0;8q"1;124;24#1;2;100;100;100#2;2;0;0;0#1!24~-$#1!24~-$#1!24~-$#1!24~\
